bf0ec081576cb90326cc945d152b8ee5a5c8a584  status-> " : " R e s o u r c e N o t F o u n d " , " m e s s a g e " : " M a c h
a9f6b7e0e5c04ac901625e63bafca2d8796c3b30  status-> " : " A c t i v e R e q u e s t A l r e a d y E x i s t s " , " m e s s
